PREHOOK: query: create table foo (d string)
PREHOOK: type: CREATETABLE
PREHOOK: Output: database:default
PREHOOK: Output: default@foo
POSTHOOK: query: create table foo (d string)
POSTHOOK: type: CREATETABLE
POSTHOOK: Output: database:default
POSTHOOK: Output: default@foo
PREHOOK: query: create table foo_p (d string) partitioned by (p string)
PREHOOK: type: CREATETABLE
PREHOOK: Output: database:default
PREHOOK: Output: default@foo_p
POSTHOOK: query: create table foo_p (d string) partitioned by (p string)
POSTHOOK: type: CREATETABLE
POSTHOOK: Output: database:default
POSTHOOK: Output: default@foo_p
PREHOOK: query: insert into foo values ("1")
PREHOOK: type: QUERY
PREHOOK: Input: default@values__tmp__table__1
PREHOOK: Output: default@foo
POSTHOOK: query: insert into foo values ("1")
POSTHOOK: type: QUERY
POSTHOOK: Input: default@values__tmp__table__1
POSTHOOK: Output: default@foo
POSTHOOK: Lineage: foo.d SIMPLE [(values__tmp__table__1)values__tmp__table__1.FieldSchema(name:tmp_values_col1, type:string, comment:), ]
PREHOOK: query: insert into foo_p partition (p="a ") select foo.d from foo
PREHOOK: type: QUERY
PREHOOK: Input: default@foo
PREHOOK: Output: default@foo_p@p=a 
POSTHOOK: query: insert into foo_p partition (p="a ") select foo.d from foo
POSTHOOK: type: QUERY
POSTHOOK: Input: default@foo
POSTHOOK: Output: default@foo_p@p=a 
POSTHOOK: Lineage: foo_p PARTITION(p=a ).d SIMPLE [(foo)foo.FieldSchema(name:d, type:string, comment:null), ]
PREHOOK: query: insert into foo_p partition (p="a") select foo.d from foo
PREHOOK: type: QUERY
PREHOOK: Input: default@foo
PREHOOK: Output: default@foo_p@p=a
POSTHOOK: query: insert into foo_p partition (p="a") select foo.d from foo
POSTHOOK: type: QUERY
POSTHOOK: Input: default@foo
POSTHOOK: Output: default@foo_p@p=a
POSTHOOK: Lineage: foo_p PARTITION(p=a).d SIMPLE [(foo)foo.FieldSchema(name:d, type:string, comment:null), ]
PREHOOK: query: select * from foo_p where p="a "
PREHOOK: type: QUERY
PREHOOK: Input: default@foo_p
PREHOOK: Input: default@foo_p@p=a 
#### A masked pattern was here ####
POSTHOOK: query: select * from foo_p where p="a "
POSTHOOK: type: QUERY
POSTHOOK: Input: default@foo_p
POSTHOOK: Input: default@foo_p@p=a 
#### A masked pattern was here ####
1	a
PREHOOK: query: select * from foo_p where p="a"
PREHOOK: type: QUERY
PREHOOK: Input: default@foo_p
PREHOOK: Input: default@foo_p@p=a
#### A masked pattern was here ####
POSTHOOK: query: select * from foo_p where p="a"
POSTHOOK: type: QUERY
POSTHOOK: Input: default@foo_p
POSTHOOK: Input: default@foo_p@p=a
#### A masked pattern was here ####
1	a
