PREHOOK: query: drop table alter_char_1
PREHOOK: type: DROPTABLE
POSTHOOK: query: drop table alter_char_1
POSTHOOK: type: DROPTABLE
PREHOOK: query: create table alter_char_1 (key string, value string)
PREHOOK: type: CREATETABLE
PREHOOK: Output: database:default
POSTHOOK: query: create table alter_char_1 (key string, value string)
POSTHOOK: type: CREATETABLE
POSTHOOK: Output: database:default
POSTHOOK: Output: default@alter_char_1
PREHOOK: query: insert overwrite table alter_char_1
  select key, value from src order by key limit 5
PREHOOK: type: QUERY
PREHOOK: Input: default@src
PREHOOK: Output: default@alter_char_1
POSTHOOK: query: insert overwrite table alter_char_1
  select key, value from src order by key limit 5
POSTHOOK: type: QUERY
POSTHOOK: Input: default@src
POSTHOOK: Output: default@alter_char_1
POSTHOOK: Lineage: alter_char_1.key SIMPLE [(src)src.FieldSchema(name:key, type:string, comment:default), ]
POSTHOOK: Lineage: alter_char_1.value SIMPLE [(src)src.FieldSchema(name:value, type:string, comment:default), ]
PREHOOK: query: select * from alter_char_1 order by key
PREHOOK: type: QUERY
PREHOOK: Input: default@alter_char_1
#### A masked pattern was here ####
POSTHOOK: query: select * from alter_char_1 order by key
POSTHOOK: type: QUERY
POSTHOOK: Input: default@alter_char_1
#### A masked pattern was here ####
POSTHOOK: Lineage: alter_char_1.key SIMPLE [(src)src.FieldSchema(name:key, type:string, comment:default), ]
POSTHOOK: Lineage: alter_char_1.value SIMPLE [(src)src.FieldSchema(name:value, type:string, comment:default), ]
0	val_0
0	val_0
0	val_0
10	val_10
100	val_100
PREHOOK: query: -- change column to char
alter table alter_char_1 change column value value char(20)
PREHOOK: type: ALTERTABLE_RENAMECOL
PREHOOK: Input: default@alter_char_1
PREHOOK: Output: default@alter_char_1
POSTHOOK: query: -- change column to char
alter table alter_char_1 change column value value char(20)
POSTHOOK: type: ALTERTABLE_RENAMECOL
POSTHOOK: Input: default@alter_char_1
POSTHOOK: Output: default@alter_char_1
POSTHOOK: Lineage: alter_char_1.key SIMPLE [(src)src.FieldSchema(name:key, type:string, comment:default), ]
POSTHOOK: Lineage: alter_char_1.value SIMPLE [(src)src.FieldSchema(name:value, type:string, comment:default), ]
PREHOOK: query: -- contents should still look the same
select * from alter_char_1 order by key
PREHOOK: type: QUERY
PREHOOK: Input: default@alter_char_1
#### A masked pattern was here ####
POSTHOOK: query: -- contents should still look the same
select * from alter_char_1 order by key
POSTHOOK: type: QUERY
POSTHOOK: Input: default@alter_char_1
#### A masked pattern was here ####
POSTHOOK: Lineage: alter_char_1.key SIMPLE [(src)src.FieldSchema(name:key, type:string, comment:default), ]
POSTHOOK: Lineage: alter_char_1.value SIMPLE [(src)src.FieldSchema(name:value, type:string, comment:default), ]
0	val_0               
0	val_0               
0	val_0               
10	val_10              
100	val_100             
PREHOOK: query: -- change column to smaller char
alter table alter_char_1 change column value value char(3)
PREHOOK: type: ALTERTABLE_RENAMECOL
PREHOOK: Input: default@alter_char_1
PREHOOK: Output: default@alter_char_1
POSTHOOK: query: -- change column to smaller char
alter table alter_char_1 change column value value char(3)
POSTHOOK: type: ALTERTABLE_RENAMECOL
POSTHOOK: Input: default@alter_char_1
POSTHOOK: Output: default@alter_char_1
POSTHOOK: Lineage: alter_char_1.key SIMPLE [(src)src.FieldSchema(name:key, type:string, comment:default), ]
POSTHOOK: Lineage: alter_char_1.value SIMPLE [(src)src.FieldSchema(name:value, type:string, comment:default), ]
PREHOOK: query: -- value column should be truncated now
select * from alter_char_1 order by key
PREHOOK: type: QUERY
PREHOOK: Input: default@alter_char_1
#### A masked pattern was here ####
POSTHOOK: query: -- value column should be truncated now
select * from alter_char_1 order by key
POSTHOOK: type: QUERY
POSTHOOK: Input: default@alter_char_1
#### A masked pattern was here ####
POSTHOOK: Lineage: alter_char_1.key SIMPLE [(src)src.FieldSchema(name:key, type:string, comment:default), ]
POSTHOOK: Lineage: alter_char_1.value SIMPLE [(src)src.FieldSchema(name:value, type:string, comment:default), ]
0	val
0	val
0	val
10	val
100	val
PREHOOK: query: -- change back to bigger char
alter table alter_char_1 change column value value char(20)
PREHOOK: type: ALTERTABLE_RENAMECOL
PREHOOK: Input: default@alter_char_1
PREHOOK: Output: default@alter_char_1
POSTHOOK: query: -- change back to bigger char
alter table alter_char_1 change column value value char(20)
POSTHOOK: type: ALTERTABLE_RENAMECOL
POSTHOOK: Input: default@alter_char_1
POSTHOOK: Output: default@alter_char_1
POSTHOOK: Lineage: alter_char_1.key SIMPLE [(src)src.FieldSchema(name:key, type:string, comment:default), ]
POSTHOOK: Lineage: alter_char_1.value SIMPLE [(src)src.FieldSchema(name:value, type:string, comment:default), ]
PREHOOK: query: -- column values should be full size again
select * from alter_char_1 order by key
PREHOOK: type: QUERY
PREHOOK: Input: default@alter_char_1
#### A masked pattern was here ####
POSTHOOK: query: -- column values should be full size again
select * from alter_char_1 order by key
POSTHOOK: type: QUERY
POSTHOOK: Input: default@alter_char_1
#### A masked pattern was here ####
POSTHOOK: Lineage: alter_char_1.key SIMPLE [(src)src.FieldSchema(name:key, type:string, comment:default), ]
POSTHOOK: Lineage: alter_char_1.value SIMPLE [(src)src.FieldSchema(name:value, type:string, comment:default), ]
0	val_0               
0	val_0               
0	val_0               
10	val_10              
100	val_100             
PREHOOK: query: -- add char column
alter table alter_char_1 add columns (key2 int, value2 char(10))
PREHOOK: type: ALTERTABLE_ADDCOLS
PREHOOK: Input: default@alter_char_1
PREHOOK: Output: default@alter_char_1
POSTHOOK: query: -- add char column
alter table alter_char_1 add columns (key2 int, value2 char(10))
POSTHOOK: type: ALTERTABLE_ADDCOLS
POSTHOOK: Input: default@alter_char_1
POSTHOOK: Output: default@alter_char_1
POSTHOOK: Lineage: alter_char_1.key SIMPLE [(src)src.FieldSchema(name:key, type:string, comment:default), ]
POSTHOOK: Lineage: alter_char_1.value SIMPLE [(src)src.FieldSchema(name:value, type:string, comment:default), ]
PREHOOK: query: select * from alter_char_1 order by key
PREHOOK: type: QUERY
PREHOOK: Input: default@alter_char_1
#### A masked pattern was here ####
POSTHOOK: query: select * from alter_char_1 order by key
POSTHOOK: type: QUERY
POSTHOOK: Input: default@alter_char_1
#### A masked pattern was here ####
POSTHOOK: Lineage: alter_char_1.key SIMPLE [(src)src.FieldSchema(name:key, type:string, comment:default), ]
POSTHOOK: Lineage: alter_char_1.value SIMPLE [(src)src.FieldSchema(name:value, type:string, comment:default), ]
0	val_0               	NULL	NULL
0	val_0               	NULL	NULL
0	val_0               	NULL	NULL
10	val_10              	NULL	NULL
100	val_100             	NULL	NULL
PREHOOK: query: insert overwrite table alter_char_1
  select key, value, key, value from src order by key limit 5
PREHOOK: type: QUERY
PREHOOK: Input: default@src
PREHOOK: Output: default@alter_char_1
POSTHOOK: query: insert overwrite table alter_char_1
  select key, value, key, value from src order by key limit 5
POSTHOOK: type: QUERY
POSTHOOK: Input: default@src
POSTHOOK: Output: default@alter_char_1
POSTHOOK: Lineage: alter_char_1.key SIMPLE [(src)src.FieldSchema(name:key, type:string, comment:default), ]
POSTHOOK: Lineage: alter_char_1.key SIMPLE [(src)src.FieldSchema(name:key, type:string, comment:default), ]
POSTHOOK: Lineage: alter_char_1.key2 EXPRESSION [(src)src.FieldSchema(name:key, type:string, comment:default), ]
POSTHOOK: Lineage: alter_char_1.value SIMPLE [(src)src.FieldSchema(name:value, type:string, comment:default), ]
POSTHOOK: Lineage: alter_char_1.value EXPRESSION [(src)src.FieldSchema(name:value, type:string, comment:default), ]
POSTHOOK: Lineage: alter_char_1.value2 EXPRESSION [(src)src.FieldSchema(name:value, type:string, comment:default), ]
PREHOOK: query: select * from alter_char_1 order by key
PREHOOK: type: QUERY
PREHOOK: Input: default@alter_char_1
#### A masked pattern was here ####
POSTHOOK: query: select * from alter_char_1 order by key
POSTHOOK: type: QUERY
POSTHOOK: Input: default@alter_char_1
#### A masked pattern was here ####
POSTHOOK: Lineage: alter_char_1.key SIMPLE [(src)src.FieldSchema(name:key, type:string, comment:default), ]
POSTHOOK: Lineage: alter_char_1.key SIMPLE [(src)src.FieldSchema(name:key, type:string, comment:default), ]
POSTHOOK: Lineage: alter_char_1.key2 EXPRESSION [(src)src.FieldSchema(name:key, type:string, comment:default), ]
POSTHOOK: Lineage: alter_char_1.value SIMPLE [(src)src.FieldSchema(name:value, type:string, comment:default), ]
POSTHOOK: Lineage: alter_char_1.value EXPRESSION [(src)src.FieldSchema(name:value, type:string, comment:default), ]
POSTHOOK: Lineage: alter_char_1.value2 EXPRESSION [(src)src.FieldSchema(name:value, type:string, comment:default), ]
0	val_0               	0	val_0     
0	val_0               	0	val_0     
0	val_0               	0	val_0     
10	val_10              	10	val_10    
100	val_100             	100	val_100   
PREHOOK: query: drop table alter_char_1
PREHOOK: type: DROPTABLE
PREHOOK: Input: default@alter_char_1
PREHOOK: Output: default@alter_char_1
POSTHOOK: query: drop table alter_char_1
POSTHOOK: type: DROPTABLE
POSTHOOK: Input: default@alter_char_1
POSTHOOK: Output: default@alter_char_1
POSTHOOK: Lineage: alter_char_1.key SIMPLE [(src)src.FieldSchema(name:key, type:string, comment:default), ]
POSTHOOK: Lineage: alter_char_1.key SIMPLE [(src)src.FieldSchema(name:key, type:string, comment:default), ]
POSTHOOK: Lineage: alter_char_1.key2 EXPRESSION [(src)src.FieldSchema(name:key, type:string, comment:default), ]
POSTHOOK: Lineage: alter_char_1.value SIMPLE [(src)src.FieldSchema(name:value, type:string, comment:default), ]
POSTHOOK: Lineage: alter_char_1.value EXPRESSION [(src)src.FieldSchema(name:value, type:string, comment:default), ]
POSTHOOK: Lineage: alter_char_1.value2 EXPRESSION [(src)src.FieldSchema(name:value, type:string, comment:default), ]
