PREHOOK: query: -- HIVE-5279
-- GenericUDAFSumList has Converter which does not have default constructor
-- After
create temporary function sum_list as 'org.apache.hadoop.hive.ql.udf.generic.GenericUDAFSumList'
PREHOOK: type: CREATEFUNCTION
PREHOOK: Output: database:default
POSTHOOK: query: -- HIVE-5279
-- GenericUDAFSumList has Converter which does not have default constructor
-- After
create temporary function sum_list as 'org.apache.hadoop.hive.ql.udf.generic.GenericUDAFSumList'
POSTHOOK: type: CREATEFUNCTION
POSTHOOK: Output: database:default
PREHOOK: query: select sum_list(array(key, key)) from src
PREHOOK: type: QUERY
PREHOOK: Input: default@src
#### A masked pattern was here ####
POSTHOOK: query: select sum_list(array(key, key)) from src
POSTHOOK: type: QUERY
POSTHOOK: Input: default@src
#### A masked pattern was here ####
260182
