PREHOOK: query: drop view v
PREHOOK: type: DROPVIEW
POSTHOOK: query: drop view v
POSTHOOK: type: DROPVIEW
PREHOOK: query: create view v as select key, '12' from src
PREHOOK: type: CREATEVIEW
PREHOOK: Input: default@src
PREHOOK: Output: database:default
PREHOOK: Output: default@v
POSTHOOK: query: create view v as select key, '12' from src
POSTHOOK: type: CREATEVIEW
POSTHOOK: Input: default@src
POSTHOOK: Output: database:default
POSTHOOK: Output: default@v
PREHOOK: query: desc formatted v
PREHOOK: type: DESCTABLE
PREHOOK: Input: default@v
POSTHOOK: query: desc formatted v
POSTHOOK: type: DESCTABLE
POSTHOOK: Input: default@v
# col_name            	data_type           	comment             
	 	 
key                 	string              	                    
_c1                 	string              	                    
	 	 
# Detailed Table Information	 	 
Database:           	default             	 
#### A masked pattern was here ####
Retention:          	0                   	 
Table Type:         	VIRTUAL_VIEW        	 
Table Parameters:	 	 
#### A masked pattern was here ####
	 	 
# Storage Information	 	 
SerDe Library:      	null                	 
InputFormat:        	org.apache.hadoop.mapred.TextInputFormat	 
OutputFormat:       	org.apache.hadoop.hive.ql.io.HiveIgnoreKeyTextOutputFormat	 
Compressed:         	No                  	 
Num Buckets:        	-1                  	 
Bucket Columns:     	[]                  	 
Sort Columns:       	[]                  	 
	 	 
# View Information	 	 
View Original Text: 	select key, '12' from src	 
View Expanded Text: 	select `src`.`key`, '12' from `default`.`src`	 
PREHOOK: query: select * from v order by `_c1` limit 5
PREHOOK: type: QUERY
PREHOOK: Input: default@src
PREHOOK: Input: default@v
#### A masked pattern was here ####
POSTHOOK: query: select * from v order by `_c1` limit 5
POSTHOOK: type: QUERY
POSTHOOK: Input: default@src
POSTHOOK: Input: default@v
#### A masked pattern was here ####
165	12
27	12
311	12
97	12
238	12
PREHOOK: query: drop view v
PREHOOK: type: DROPVIEW
PREHOOK: Input: default@v
PREHOOK: Output: default@v
POSTHOOK: query: drop view v
POSTHOOK: type: DROPVIEW
POSTHOOK: Input: default@v
POSTHOOK: Output: default@v
PREHOOK: query: create view v as select key as `_c1`, '12' from src
PREHOOK: type: CREATEVIEW
PREHOOK: Input: default@src
PREHOOK: Output: database:default
PREHOOK: Output: default@v
POSTHOOK: query: create view v as select key as `_c1`, '12' from src
POSTHOOK: type: CREATEVIEW
POSTHOOK: Input: default@src
POSTHOOK: Output: database:default
POSTHOOK: Output: default@v
PREHOOK: query: desc formatted v
PREHOOK: type: DESCTABLE
PREHOOK: Input: default@v
POSTHOOK: query: desc formatted v
POSTHOOK: type: DESCTABLE
POSTHOOK: Input: default@v
# col_name            	data_type           	comment             
	 	 
key                 	string              	                    
_c1                 	string              	                    
	 	 
# Detailed Table Information	 	 
Database:           	default             	 
#### A masked pattern was here ####
Retention:          	0                   	 
Table Type:         	VIRTUAL_VIEW        	 
Table Parameters:	 	 
#### A masked pattern was here ####
	 	 
# Storage Information	 	 
SerDe Library:      	null                	 
InputFormat:        	org.apache.hadoop.mapred.TextInputFormat	 
OutputFormat:       	org.apache.hadoop.hive.ql.io.HiveIgnoreKeyTextOutputFormat	 
Compressed:         	No                  	 
Num Buckets:        	-1                  	 
Bucket Columns:     	[]                  	 
Sort Columns:       	[]                  	 
	 	 
# View Information	 	 
View Original Text: 	select key as _c1, '12' from src	 
View Expanded Text: 	select `src`.`key` as `_c1`, '12' from `default`.`src`	 
PREHOOK: query: select * from v order by `_c1` limit 5
PREHOOK: type: QUERY
PREHOOK: Input: default@src
PREHOOK: Input: default@v
#### A masked pattern was here ####
POSTHOOK: query: select * from v order by `_c1` limit 5
POSTHOOK: type: QUERY
POSTHOOK: Input: default@src
POSTHOOK: Input: default@v
#### A masked pattern was here ####
165	12
27	12
311	12
97	12
238	12
PREHOOK: query: drop view v
PREHOOK: type: DROPVIEW
PREHOOK: Input: default@v
PREHOOK: Output: default@v
POSTHOOK: query: drop view v
POSTHOOK: type: DROPVIEW
POSTHOOK: Input: default@v
POSTHOOK: Output: default@v
PREHOOK: query: create view v as select *, '12' from src
PREHOOK: type: CREATEVIEW
PREHOOK: Input: default@src
PREHOOK: Output: database:default
PREHOOK: Output: default@v
POSTHOOK: query: create view v as select *, '12' from src
POSTHOOK: type: CREATEVIEW
POSTHOOK: Input: default@src
POSTHOOK: Output: database:default
POSTHOOK: Output: default@v
PREHOOK: query: desc formatted v
PREHOOK: type: DESCTABLE
PREHOOK: Input: default@v
POSTHOOK: query: desc formatted v
POSTHOOK: type: DESCTABLE
POSTHOOK: Input: default@v
# col_name            	data_type           	comment             
	 	 
key                 	string              	                    
value               	string              	                    
_c2                 	string              	                    
	 	 
# Detailed Table Information	 	 
Database:           	default             	 
#### A masked pattern was here ####
Retention:          	0                   	 
Table Type:         	VIRTUAL_VIEW        	 
Table Parameters:	 	 
#### A masked pattern was here ####
	 	 
# Storage Information	 	 
SerDe Library:      	null                	 
InputFormat:        	org.apache.hadoop.mapred.TextInputFormat	 
OutputFormat:       	org.apache.hadoop.hive.ql.io.HiveIgnoreKeyTextOutputFormat	 
Compressed:         	No                  	 
Num Buckets:        	-1                  	 
Bucket Columns:     	[]                  	 
Sort Columns:       	[]                  	 
	 	 
# View Information	 	 
View Original Text: 	select *, '12' from src	 
View Expanded Text: 	select `src`.`key`, `src`.`value`, '12' from `default`.`src`	 
PREHOOK: query: select * from v order by `_c2` limit 5
PREHOOK: type: QUERY
PREHOOK: Input: default@src
PREHOOK: Input: default@v
#### A masked pattern was here ####
POSTHOOK: query: select * from v order by `_c2` limit 5
POSTHOOK: type: QUERY
POSTHOOK: Input: default@src
POSTHOOK: Input: default@v
#### A masked pattern was here ####
165	val_165	12
27	val_27	12
311	val_311	12
97	val_97	12
238	val_238	12
PREHOOK: query: drop view v
PREHOOK: type: DROPVIEW
PREHOOK: Input: default@v
PREHOOK: Output: default@v
POSTHOOK: query: drop view v
POSTHOOK: type: DROPVIEW
POSTHOOK: Input: default@v
POSTHOOK: Output: default@v
PREHOOK: query: create view v as select *, '12' as `_c121` from src
PREHOOK: type: CREATEVIEW
PREHOOK: Input: default@src
PREHOOK: Output: database:default
PREHOOK: Output: default@v
POSTHOOK: query: create view v as select *, '12' as `_c121` from src
POSTHOOK: type: CREATEVIEW
POSTHOOK: Input: default@src
POSTHOOK: Output: database:default
POSTHOOK: Output: default@v
PREHOOK: query: desc formatted v
PREHOOK: type: DESCTABLE
PREHOOK: Input: default@v
POSTHOOK: query: desc formatted v
POSTHOOK: type: DESCTABLE
POSTHOOK: Input: default@v
# col_name            	data_type           	comment             
	 	 
key                 	string              	                    
value               	string              	                    
_c121               	string              	                    
	 	 
# Detailed Table Information	 	 
Database:           	default             	 
#### A masked pattern was here ####
Retention:          	0                   	 
Table Type:         	VIRTUAL_VIEW        	 
Table Parameters:	 	 
#### A masked pattern was here ####
	 	 
# Storage Information	 	 
SerDe Library:      	null                	 
InputFormat:        	org.apache.hadoop.mapred.TextInputFormat	 
OutputFormat:       	org.apache.hadoop.hive.ql.io.HiveIgnoreKeyTextOutputFormat	 
Compressed:         	No                  	 
Num Buckets:        	-1                  	 
Bucket Columns:     	[]                  	 
Sort Columns:       	[]                  	 
	 	 
# View Information	 	 
View Original Text: 	select *, '12' as _c121 from src	 
View Expanded Text: 	select `src`.`key`, `src`.`value`, '12' as `_c121` from `default`.`src`	 
PREHOOK: query: select * from v order by `_c121` limit 5
PREHOOK: type: QUERY
PREHOOK: Input: default@src
PREHOOK: Input: default@v
#### A masked pattern was here ####
POSTHOOK: query: select * from v order by `_c121` limit 5
POSTHOOK: type: QUERY
POSTHOOK: Input: default@src
POSTHOOK: Input: default@v
#### A masked pattern was here ####
165	val_165	12
27	val_27	12
311	val_311	12
97	val_97	12
238	val_238	12
PREHOOK: query: drop view v
PREHOOK: type: DROPVIEW
PREHOOK: Input: default@v
PREHOOK: Output: default@v
POSTHOOK: query: drop view v
POSTHOOK: type: DROPVIEW
POSTHOOK: Input: default@v
POSTHOOK: Output: default@v
PREHOOK: query: create view v as select key, count(*) from src group by key
PREHOOK: type: CREATEVIEW
PREHOOK: Input: default@src
PREHOOK: Output: database:default
PREHOOK: Output: default@v
POSTHOOK: query: create view v as select key, count(*) from src group by key
POSTHOOK: type: CREATEVIEW
POSTHOOK: Input: default@src
POSTHOOK: Output: database:default
POSTHOOK: Output: default@v
PREHOOK: query: desc formatted v
PREHOOK: type: DESCTABLE
PREHOOK: Input: default@v
POSTHOOK: query: desc formatted v
POSTHOOK: type: DESCTABLE
POSTHOOK: Input: default@v
# col_name            	data_type           	comment             
	 	 
key                 	string              	                    
_c1                 	bigint              	                    
	 	 
# Detailed Table Information	 	 
Database:           	default             	 
#### A masked pattern was here ####
Retention:          	0                   	 
Table Type:         	VIRTUAL_VIEW        	 
Table Parameters:	 	 
#### A masked pattern was here ####
	 	 
# Storage Information	 	 
SerDe Library:      	null                	 
InputFormat:        	org.apache.hadoop.mapred.TextInputFormat	 
OutputFormat:       	org.apache.hadoop.hive.ql.io.HiveIgnoreKeyTextOutputFormat	 
Compressed:         	No                  	 
Num Buckets:        	-1                  	 
Bucket Columns:     	[]                  	 
Sort Columns:       	[]                  	 
	 	 
# View Information	 	 
View Original Text: 	select key, count(*) from src group by key	 
View Expanded Text: 	select `src`.`key`, count(*) from `default`.`src` group by `src`.`key`	 
PREHOOK: query: select * from v order by `_c1` limit 5
PREHOOK: type: QUERY
PREHOOK: Input: default@src
PREHOOK: Input: default@v
#### A masked pattern was here ####
POSTHOOK: query: select * from v order by `_c1` limit 5
POSTHOOK: type: QUERY
POSTHOOK: Input: default@src
POSTHOOK: Input: default@v
#### A masked pattern was here ####
11	1
105	1
114	1
96	1
10	1
PREHOOK: query: drop view v
PREHOOK: type: DROPVIEW
PREHOOK: Input: default@v
PREHOOK: Output: default@v
POSTHOOK: query: drop view v
POSTHOOK: type: DROPVIEW
POSTHOOK: Input: default@v
POSTHOOK: Output: default@v
PREHOOK: query: create table a (ca string, caa string)
PREHOOK: type: CREATETABLE
PREHOOK: Output: database:default
PREHOOK: Output: default@a
POSTHOOK: query: create table a (ca string, caa string)
POSTHOOK: type: CREATETABLE
POSTHOOK: Output: database:default
POSTHOOK: Output: default@a
PREHOOK: query: create table b (cb string, cbb string)
PREHOOK: type: CREATETABLE
PREHOOK: Output: database:default
PREHOOK: Output: default@b
POSTHOOK: query: create table b (cb string, cbb string)
POSTHOOK: type: CREATETABLE
POSTHOOK: Output: database:default
POSTHOOK: Output: default@b
PREHOOK: query: insert into a select * from src limit 5
PREHOOK: type: QUERY
PREHOOK: Input: default@src
PREHOOK: Output: default@a
POSTHOOK: query: insert into a select * from src limit 5
POSTHOOK: type: QUERY
POSTHOOK: Input: default@src
POSTHOOK: Output: default@a
POSTHOOK: Lineage: a.ca SIMPLE [(src)src.FieldSchema(name:key, type:string, comment:default), ]
POSTHOOK: Lineage: a.caa SIMPLE [(src)src.FieldSchema(name:value, type:string, comment:default), ]
PREHOOK: query: insert into b select * from src limit 5
PREHOOK: type: QUERY
PREHOOK: Input: default@src
PREHOOK: Output: default@b
POSTHOOK: query: insert into b select * from src limit 5
POSTHOOK: type: QUERY
POSTHOOK: Input: default@src
POSTHOOK: Output: default@b
POSTHOOK: Lineage: b.cb SIMPLE [(src)src.FieldSchema(name:key, type:string, comment:default), ]
POSTHOOK: Lineage: b.cbb SIMPLE [(src)src.FieldSchema(name:value, type:string, comment:default), ]
PREHOOK: query: create view v as select '010', a.*, 121, b.*, 234 from a join b on a.ca = b.cb
PREHOOK: type: CREATEVIEW
PREHOOK: Input: default@a
PREHOOK: Input: default@b
PREHOOK: Output: database:default
PREHOOK: Output: default@v
POSTHOOK: query: create view v as select '010', a.*, 121, b.*, 234 from a join b on a.ca = b.cb
POSTHOOK: type: CREATEVIEW
POSTHOOK: Input: default@a
POSTHOOK: Input: default@b
POSTHOOK: Output: database:default
POSTHOOK: Output: default@v
PREHOOK: query: desc formatted v
PREHOOK: type: DESCTABLE
PREHOOK: Input: default@v
POSTHOOK: query: desc formatted v
POSTHOOK: type: DESCTABLE
POSTHOOK: Input: default@v
# col_name            	data_type           	comment             
	 	 
_c0                 	string              	                    
ca                  	string              	                    
caa                 	string              	                    
_c3                 	int                 	                    
cb                  	string              	                    
cbb                 	string              	                    
_c6                 	int                 	                    
	 	 
# Detailed Table Information	 	 
Database:           	default             	 
#### A masked pattern was here ####
Retention:          	0                   	 
Table Type:         	VIRTUAL_VIEW        	 
Table Parameters:	 	 
#### A masked pattern was here ####
	 	 
# Storage Information	 	 
SerDe Library:      	null                	 
InputFormat:        	org.apache.hadoop.mapred.TextInputFormat	 
OutputFormat:       	org.apache.hadoop.hive.ql.io.HiveIgnoreKeyTextOutputFormat	 
Compressed:         	No                  	 
Num Buckets:        	-1                  	 
Bucket Columns:     	[]                  	 
Sort Columns:       	[]                  	 
	 	 
# View Information	 	 
View Original Text: 	select '010', a.*, 121, b.*, 234 from a join b on a.ca = b.cb	 
View Expanded Text: 	select '010', `a`.`ca`, `a`.`caa`, 121, `b`.`cb`, `b`.`cbb`, 234 from `default`.`a` join `default`.`b` on `a`.`ca` = `b`.`cb`	 
PREHOOK: query: select * from v order by `_c3` limit 5
PREHOOK: type: QUERY
PREHOOK: Input: default@a
PREHOOK: Input: default@b
PREHOOK: Input: default@v
#### A masked pattern was here ####
POSTHOOK: query: select * from v order by `_c3` limit 5
POSTHOOK: type: QUERY
POSTHOOK: Input: default@a
POSTHOOK: Input: default@b
POSTHOOK: Input: default@v
#### A masked pattern was here ####
010	86	val_86	121	86	val_86	234
010	311	val_311	121	311	val_311	234
010	27	val_27	121	27	val_27	234
010	238	val_238	121	238	val_238	234
010	165	val_165	121	165	val_165	234
