PREHOOK: query: explain select i_item_desc ,i_category ,i_class ,i_current_price ,i_item_id ,sum(ws_ext_sales_price) as itemrevenue ,sum(ws_ext_sales_price)*100/sum(sum(ws_ext_sales_price)) over (partition by i_class) as revenueratio from web_sales ,item ,date_dim where web_sales.ws_item_sk = item.i_item_sk and item.i_category in ('Jewelry', 'Sports', 'Books') and web_sales.ws_sold_date_sk = date_dim.d_date_sk and date_dim.d_date between '2001-01-12' and '2001-02-11' group by i_item_id ,i_item_desc ,i_category ,i_class ,i_current_price order by i_category ,i_class ,i_item_id ,i_item_desc ,revenueratio limit 100
PREHOOK: type: QUERY
POSTHOOK: query: explain select i_item_desc ,i_category ,i_class ,i_current_price ,i_item_id ,sum(ws_ext_sales_price) as itemrevenue ,sum(ws_ext_sales_price)*100/sum(sum(ws_ext_sales_price)) over (partition by i_class) as revenueratio from web_sales ,item ,date_dim where web_sales.ws_item_sk = item.i_item_sk and item.i_category in ('Jewelry', 'Sports', 'Books') and web_sales.ws_sold_date_sk = date_dim.d_date_sk and date_dim.d_date between '2001-01-12' and '2001-02-11' group by i_item_id ,i_item_desc ,i_category ,i_class ,i_current_price order by i_category ,i_class ,i_item_id ,i_item_desc ,revenueratio limit 100
POSTHOOK: type: QUERY
Vertex dependency in root stage
Reducer 2 <- Map 1 (SIMPLE_EDGE), Map 7 (SIMPLE_EDGE)
Reducer 3 <- Map 8 (SIMPLE_EDGE), Reducer 2 (SIMPLE_EDGE)
Reducer 4 <- Reducer 3 (SIMPLE_EDGE)
Reducer 5 <- Reducer 4 (SIMPLE_EDGE)
Reducer 6 <- Reducer 5 (SIMPLE_EDGE)

Stage-0
  Fetch Operator
    limit:100
    Stage-1
      Reducer 6
      File Output Operator [FS_26]
        Limit [LIM_25] (rows=100 width=135)
          Number of rows:100
          Select Operator [SEL_24] (rows=21780404 width=135)
            Output:["_col0","_col1","_col2","_col3","_col4","_col5","_col6"]
          <-Reducer 5 [SIMPLE_EDGE]
            SHUFFLE [RS_23]
              Select Operator [SEL_21] (rows=21780404 width=135)
                Output:["_col0","_col1","_col2","_col3","_col4","_col5","_col6"]
                PTF Operator [PTF_20] (rows=21780404 width=135)
                  Function definitions:[{},{"name:":"windowingtablefunction","order by:":"_col3 ASC NULLS FIRST","partition by:":"_col3"}]
                  Select Operator [SEL_19] (rows=21780404 width=135)
                    Output:["_col0","_col1","_col2","_col3","_col4","_col5"]
                  <-Reducer 4 [SIMPLE_EDGE]
                    SHUFFLE [RS_18]
                      PartitionCols:_col3
                      Group By Operator [GBY_17] (rows=21780404 width=135)
                        Output:["_col0","_col1","_col2","_col3","_col4","_col5"],aggregations:["sum(VALUE._col0)"],keys:KEY._col0, KEY._col1, KEY._col2, KEY._col3, KEY._col4
                      <-Reducer 3 [SIMPLE_EDGE]
                        SHUFFLE [RS_16]
                          PartitionCols:_col0, _col1, _col2, _col3, _col4
                          Group By Operator [GBY_15] (rows=43560808 width=135)
                            Output:["_col0","_col1","_col2","_col3","_col4","_col5"],aggregations:["sum(_col23)"],keys:_col38, _col41, _col49, _col47, _col42
                            Select Operator [SEL_14] (rows=43560808 width=135)
                              Output:["_col38","_col41","_col49","_col47","_col42","_col23"]
                              Filter Operator [FIL_32] (rows=43560808 width=135)
                                predicate:((_col3 = _col37) and (_col0 = _col62))
                                Merge Join Operator [MERGEJOIN_37] (rows=174243235 width=135)
                                  Conds:RS_9._col0=RS_11.d_date_sk(Inner),Output:["_col0","_col3","_col23","_col37","_col38","_col41","_col42","_col47","_col49","_col62"]
                                <-Map 8 [SIMPLE_EDGE]
                                  SHUFFLE [RS_11]
                                    PartitionCols:d_date_sk
                                    Filter Operator [FIL_35] (rows=36524 width=1119)
                                      predicate:(d_date_sk is not null and d_date BETWEEN '2001-01-12' AND '2001-02-11')
                                      TableScan [TS_2] (rows=73049 width=1119)
                                        default@date_dim,date_dim,Tbl:COMPLETE,Col:NONE,Output:["d_date_sk","d_date"]
                                <-Reducer 2 [SIMPLE_EDGE]
                                  SHUFFLE [RS_9]
                                    PartitionCols:_col0
                                    Merge Join Operator [MERGEJOIN_36] (rows=158402938 width=135)
                                      Conds:RS_4.ws_item_sk=RS_6.i_item_sk(Inner),Output:["_col0","_col3","_col23","_col37","_col38","_col41","_col42","_col47","_col49"]
                                    <-Map 1 [SIMPLE_EDGE]
                                      SHUFFLE [RS_4]
                                        PartitionCols:ws_item_sk
                                        Filter Operator [FIL_33] (rows=144002668 width=135)
                                          predicate:(ws_item_sk is not null and ws_sold_date_sk is not null)
                                          TableScan [TS_0] (rows=144002668 width=135)
                                            default@web_sales,web_sales,Tbl:COMPLETE,Col:NONE,Output:["ws_sold_date_sk","ws_item_sk","ws_ext_sales_price"]
                                    <-Map 7 [SIMPLE_EDGE]
                                      SHUFFLE [RS_6]
                                        PartitionCols:i_item_sk
                                        Filter Operator [FIL_34] (rows=231000 width=1436)
                                          predicate:(i_item_sk is not null and (i_category) IN ('Jewelry', 'Sports', 'Books'))
                                          TableScan [TS_1] (rows=462000 width=1436)
                                            default@item,item,Tbl:COMPLETE,Col:NONE,Output:["i_item_sk","i_item_id","i_item_desc","i_current_price","i_class","i_category"]

