PREHOOK: query: create table mp (a int) partitioned by (b int)
PREHOOK: type: CREATETABLE
POSTHOOK: query: create table mp (a int) partitioned by (b int)
POSTHOOK: type: CREATETABLE
POSTHOOK: Output: default@mp
FAILED: SemanticException [Error 10098]: Non-Partition column appears in the partition specification:  c
