FAILED: HiveAccessControlException Permission denied. Principal [name=user1, type=USER] does not have following privileges on Object [type=DATABASE, name=default] : [ADMIN PRIVILEGE]
