FAILED: HiveAccessControlException Permission denied. Principal [name=hive_test_user, type=USER] does not have following privileges on Object [type=DATABASE, name=default] : [ADMIN PRIVILEGE]
