PREHOOK: query: create table t1(x int, constraint pk1 primary key (x) disable novalidate)
PREHOOK: type: CREATETABLE
PREHOOK: Output: database:default
PREHOOK: Output: default@t1
POSTHOOK: query: create table t1(x int, constraint pk1 primary key (x) disable novalidate)
POSTHOOK: type: CREATETABLE
POSTHOOK: Output: database:default
POSTHOOK: Output: default@t1
PREHOOK: query: create table t2(x int, constraint pk1 primary key (x) disable novalidate)
PREHOOK: type: CREATETABLE
PREHOOK: Output: database:default
PREHOOK: Output: default@t2
FAILED: Execution Error, return code 1 from org.apache.hadoop.hive.ql.exec.DDLTask. MetaException(message:javax.jdo.JDOUserException: One or more instances could not be made persistent
#### A masked pattern was here ####
NestedThrowablesStackTrace:
Insert of object "#### A masked pattern was here ####" using statement "INSERT INTO KEY_CONSTRAINTS (CHILD_CD_ID,CHILD_INTEGER_IDX,CHILD_TBL_ID,CONSTRAINT_TYPE,DELETE_RULE,ENABLE_VALIDATE_RELY,PARENT_CD_ID,PARENT_INTEGER_IDX,PARENT_TBL_ID,UPDATE_RULE,"CONSTRAINT_NAME","POSITION") VALUES (?,?,?,?,?,?,?,?,?,?,?,?)" failed : The statement was aborted because it would have caused a duplicate key value in a unique or primary key constraint or unique index identified by 'KEY_CONSTRAINTS_PK' defined on 'KEY_CONSTRAINTS'.
org.datanucleus.exceptions.NucleusDataStoreException: Insert of object "#### A masked pattern was here ####" using statement "INSERT INTO KEY_CONSTRAINTS (CHILD_CD_ID,CHILD_INTEGER_IDX,CHILD_TBL_ID,CONSTRAINT_TYPE,DELETE_RULE,ENABLE_VALIDATE_RELY,PARENT_CD_ID,PARENT_INTEGER_IDX,PARENT_TBL_ID,UPDATE_RULE,"CONSTRAINT_NAME","POSITION") VALUES (?,?,?,?,?,?,?,?,?,?,?,?)" failed : The statement was aborted because it would have caused a duplicate key value in a unique or primary key constraint or unique index identified by 'KEY_CONSTRAINTS_PK' defined on 'KEY_CONSTRAINTS'.
#### A masked pattern was here ####
Nested Throwables StackTrace:
java.sql.SQLIntegrityConstraintViolationException: The statement was aborted because it would have caused a duplicate key value in a unique or primary key constraint or unique index identified by 'KEY_CONSTRAINTS_PK' defined on 'KEY_CONSTRAINTS'.
#### A masked pattern was here ####
)
