PREHOOK: query: SHOW DATABASES
PREHOOK: type: SHOWDATABASES
POSTHOOK: query: SHOW DATABASES
POSTHOOK: type: SHOWDATABASES
default
PREHOOK: query: -- Try to drop a non-empty database in restrict mode
CREATE DATABASE db_drop_non_empty_restrict
PREHOOK: type: CREATEDATABASE
POSTHOOK: query: -- Try to drop a non-empty database in restrict mode
CREATE DATABASE db_drop_non_empty_restrict
POSTHOOK: type: CREATEDATABASE
PREHOOK: query: USE db_drop_non_empty_restrict
PREHOOK: type: SWITCHDATABASE
POSTHOOK: query: USE db_drop_non_empty_restrict
POSTHOOK: type: SWITCHDATABASE
PREHOOK: query: CREATE TABLE t(a INT)
PREHOOK: type: CREATETABLE
POSTHOOK: query: CREATE TABLE t(a INT)
POSTHOOK: type: CREATETABLE
POSTHOOK: Output: db_drop_non_empty_restrict@t
PREHOOK: query: USE default
PREHOOK: type: SWITCHDATABASE
POSTHOOK: query: USE default
POSTHOOK: type: SWITCHDATABASE
PREHOOK: query: DROP DATABASE db_drop_non_empty_restrict
PREHOOK: type: DROPDATABASE
FAILED: Execution Error, return code 1 from org.apache.hadoop.hive.ql.exec.DDLTask. InvalidOperationException(message:Database db_drop_non_empty_restrict is not empty)
