PREHOOK: query: describe src_thrift.mStringString.abc
PREHOOK: type: DESCTABLE
FAILED: Execution Error, return code 1 from org.apache.hadoop.hive.ql.exec.DDLTask. Error in getting fields from serde.Unknown type for abc
