/tmp/hive-ptest-units/TestExecutionPhase/logs/failed/driver-sometest /some/local/dir/somehost-someuser-0/logs/
/tmp/hive-ptest-units/TestExecutionPhase/scratch/hiveptest-driver-sometest.sh /some/local/dir/somehost-someuser-0/scratch/hiveptest-driver-sometest.sh
bash /some/local/dir/somehost-someuser-0/scratch/hiveptest-driver-sometest.sh